[INFO] Scanning for projects...
[INFO] 
[INFO] ------------------< com.chatapp:secure-chat-platform >------------------
[INFO] Building secure-chat-platform 0.0.1-SNAPSHOT
[INFO]   from pom.xml
[INFO] --------------------------------[ jar ]---------------------------------
[INFO] 
[INFO] --- resources:3.3.1:resources (default-resources) @ secure-chat-platform ---
[INFO] Copying 1 resource from src\main\resources to target\classes
[INFO] Copying 0 resource from src\main\resources to target\classes
[INFO] 
[INFO] --- compiler:3.11.0:compile (default-compile) @ secure-chat-platform ---
[INFO] Nothing to compile - all classes are up to date
[INFO] 
[INFO] --- resources:3.3.1:testResources (default-testResources) @ secure-chat-platform ---
[INFO] skip non existing resourceDirectory C:\Users\sai gopi\Documents\GitHub\secure-chat-platform\src\test\resources
[INFO] 
[INFO] --- compiler:3.11.0:testCompile (default-testCompile) @ secure-chat-platform ---
[INFO] Nothing to compile - all classes are up to date
[INFO] 
[INFO] --- surefire:3.1.2:test (default-test) @ secure-chat-platform ---
[INFO] Using auto detected provider org.apache.maven.surefire.junitplatform.JUnitPlatformProvider
[INFO] 
[INFO] -------------------------------------------------------
[INFO]  T E S T S
[INFO] -------------------------------------------------------
[INFO] Running com.chatapp.ai.service.ToxicityServiceTest
.\mvnw.cmd : WARNING: A Java agent has been loaded dynamically (C:\Users\sai gopi\.m2\repository\net\bytebuddy\byte-buddy-agent\1.14.11\byte-buddy-agent-1.14.11.jar)
At line:1 char:63
+ ... secure-chat-platform"; .\mvnw.cmd test 2>&1 > test_output.txt; Get-Co ...
+                            ~~~~~~~~~~~~~~~~~~~~~~~~~~~~~~~~~~~~~~
    + CategoryInfo          : NotSpecified: (WARNING: A Java...nt-1.14.11.jar):String) [], RemoteException
    + FullyQualifiedErrorId : NativeCommandError
 
WARNING: If a serviceability tool is in use, please run with -XX:+EnableDynamicAgentLoading to hide this warning
WARNING: If a serviceability tool is not in use, please run with -Djdk.instrument.traceUsage for more information
WARNING: Dynamic loading of agents will be disallowed by default in a future release
Java HotSpot(TM) 64-Bit Server VM warning: Sharing is only supported for boot loader classes because bootstrap classpath has been appended
[INFO] Tests run: 16, Failures: 0, Errors: 0, Skipped: 0, Time elapsed: 1.690 s -- in com.chatapp.ai.service.ToxicityServiceTest
[INFO] Running com.chatapp.auth.AuthControllerTest
[INFO] Tests run: 8, Failures: 0, Errors: 0, Skipped: 0, Time elapsed: 0.618 s -- in com.chatapp.auth.AuthControllerTest
[INFO] Running com.chatapp.auth.AuthServiceTest
[INFO] Tests run: 7, Failures: 0, Errors: 0, Skipped: 0, Time elapsed: 0.576 s -- in com.chatapp.auth.AuthServiceTest
[INFO] Running com.chatapp.chat.MessageControllerTest
[INFO] Tests run: 13, Failures: 0, Errors: 0, Skipped: 0, Time elapsed: 0.175 s -- in com.chatapp.chat.MessageControllerTest
[INFO] Running com.chatapp.chat.service.MessageServiceTest
[INFO] Tests run: 12, Failures: 0, Errors: 0, Skipped: 0, Time elapsed: 0.242 s -- in com.chatapp.chat.service.MessageServiceTest
[INFO] Running com.chatapp.exception.GlobalExceptionHandlerTest
[INFO] Tests run: 16, Failures: 0, Errors: 0, Skipped: 0, Time elapsed: 0.063 s -- in com.chatapp.exception.GlobalExceptionHandlerTest
[INFO] Running com.chatapp.file.service.FileServiceTest
[INFO] Tests run: 11, Failures: 0, Errors: 0, Skipped: 0, Time elapsed: 0.245 s -- in com.chatapp.file.service.FileServiceTest
[INFO] Running com.chatapp.security.jwt.JwtUtilTest
[ERROR] Tests run: 16, Failures: 1, Errors: 0, Skipped: 0, Time elapsed: 1.087 s <<< FAILURE! -- in com.chatapp.security.jwt.JwtUtilTest
[ERROR] com.chatapp.security.jwt.JwtUtilTest.testGenerateTokenVariation -- Time elapsed: 0.128 s <<< FAILURE!
org.opentest4j.AssertionFailedError: expected: not equal but was: <eyJhbGciOiJIUzI1NiJ9.eyJzdWIiOiJ1c2VyQGV4YW1wbGUuY29tIiwiaWF0IjoxNzcwNDY5NDU0LCJleHAiOjE3NzA1NTU4NTR9.AYThDx7d_NaTXCEKsWTqxC32C7R2ovvszgz2RcI55Dw>
	at org.junit.jupiter.api.AssertionFailureBuilder.build(AssertionFailureBuilder.java:152)
	at org.junit.jupiter.api.AssertionFailureBuilder.buildAndThrow(AssertionFailureBuilder.java:132)
	at org.junit.jupiter.api.AssertNotEquals.failEqual(AssertNotEquals.java:277)
	at org.junit.jupiter.api.AssertNotEquals.assertNotEquals(AssertNotEquals.java:263)
	at org.junit.jupiter.api.AssertNotEquals.assertNotEquals(AssertNotEquals.java:258)
	at org.junit.jupiter.api.Assertions.assertNotEquals(Assertions.java:2819)
	at com.chatapp.security.jwt.JwtUtilTest.testGenerateTokenVariation(JwtUtilTest.java:127)
	at java.base/java.lang.reflect.Method.invoke(Method.java:580)
	at java.base/java.util.ArrayList.forEach(ArrayList.java:1596)
	at java.base/java.util.ArrayList.forEach(ArrayList.java:1596)

[INFO] Running com.chatapp.user.service.UserServiceTest
[INFO] Tests run: 10, Failures: 0, Errors: 0, Skipped: 0, Time elapsed: 0.081 s -- in com.chatapp.user.service.UserServiceTest
[INFO] Running com.chatapp.user.UserControllerTest
[INFO] Tests run: 11, Failures: 0, Errors: 0, Skipped: 0, Time elapsed: 0.106 s -- in com.chatapp.user.UserControllerTest
[INFO] Running com.example.demo.SecureChatPlatformApplicationTests
[INFO] Tests run: 1, Failures: 0, Errors: 0, Skipped: 0, Time elapsed: 0.003 s -- in com.example.demo.SecureChatPlatformApplicationTests
[INFO] 
[INFO] Results:
[INFO] 
[ERROR] Failures: 
[ERROR]   JwtUtilTest.testGenerateTokenVariation:127 expected: not equal but was: <eyJhbGciOiJIUzI1NiJ9.eyJzdWIiOiJ1c2VyQGV4YW1wbGUuY29tIiwiaWF0IjoxNzcwNDY5NDU0LCJleHAiOjE3NzA1NTU4NTR9.AYThDx7d_NaTXCEKsWTqxC32C7R2ovvszgz2RcI55Dw>
[INFO] 
[ERROR] Tests run: 121, Failures: 1, Errors: 0, Skipped: 0
[INFO] 
[INFO] ------------------------------------------------------------------------
[INFO] BUILD FAILURE
[INFO] ------------------------------------------------------------------------
[INFO] Total time:  10.070 s
[INFO] Finished at: 2026-02-07T18:34:15+05:30
[INFO] ------------------------------------------------------------------------
[ERROR] Failed to execute goal org.apache.maven.plugins:maven-surefire-plugin:3.1.2:test (default-test) on project secure-chat-platform: There are test failures.
[ERROR] 
[ERROR] Please refer to C:\Users\sai gopi\Documents\GitHub\secure-chat-platform\target\surefire-reports for the individual test results.
[ERROR] Please refer to dump files (if any exist) [date].dump, [date]-jvmRun[N].dump and [date].dumpstream.
[ERROR] -> [Help 1]
[ERROR] 
[ERROR] To see the full stack trace of the errors, re-run Maven with the -e switch.
[ERROR] Re-run Maven using the -X switch to enable full debug logging.
[ERROR] 
[ERROR] For more information about the errors and possible solutions, please read the following articles:
[ERROR] [Help 1] http://cwiki.apache.org/confluence/display/MAVEN/MojoFailureException
